# /usr/cbs/packages/netMHC/4.0/netMHC-4.0/Linux_x86_64/bin/netMHC test.fsa
# Thu Dec 17 23:17:14 2015
# User: mniel
# PWD : /usr/cbs/packages/netMHC/4.0/netMHC-4.0/test
# Host: Linux padawan 2.6.37.6-0.11-desktop x86_64
# Command line parameters set to:
#	[-a line]            HLA-A0201            HLA allele name
#	[-f filename]                             Input file (by default in FASTA format)
#	[-p]                 0                    Switch on if input is a list of peptides (Peptide format)
#	[-l string]          9                    Peptide length (multiple lengths separated by comma e.g. 8,9,10)
#	[-s]                 0                    Sort output on decreasing affinity
#	[-rth float]         0.500000             Threshold for high binding peptides (%Rank)
#	[-rlt float]         2.000000             Threshold for low binding peptides (%Rank)
#	[-listMHC]           0                    Print list of alleles included in netMHC
#	[-xls]               0                    Save output to xls file
#	[-xlsfile filename]  NetMHC_out.xls       File name for xls output
#	[-t float]           -99.900002           Threshold for output
#	[-thrfmt filename]   /usr/cbs/packages/netMHC/4.0/netMHC-4.0/Linux_x86_64/data/threshold/%s.thr Format for threshold filenames
#	[-hlalist filename]  /usr/cbs/packages/netMHC/4.0/netMHC-4.0/Linux_x86_64/data/allelelist File with covered HLA names
#	[-rdir filename]     /usr/cbs/packages/netMHC/4.0/netMHC-4.0/Linux_x86_64 Home directory for NetMHC
#	[-tdir filename]     /scratch             Temporary directory (Default $$)
#	[-syn filename]      /usr/cbs/packages/netMHC/4.0/netMHC-4.0/Linux_x86_64/data/synlists/%s.synlist Format of synlist file
#	[-v]                 0                    Verbose mode
#	[-dirty]             0                    Dirty mode, leave tmp dir+files
#	[-inptype int]       0                    Input type [0] FASTA [1] Peptide
#	[-version filename]  /usr/cbs/packages/netMHC/4.0/netMHC-4.0/Linux_x86_64/data/version File with version information
#	[-w]                 0                    w option for webface

# NetMHC version 4.0

# Input is in FSA format

# Peptide length 9
# Rank Threshold for Strong binding peptides   0.500
# Rank Threshold for Weak binding peptides   2.000
-----------------------------------------------------------------------------------
  pos          HLA      peptide         Core Offset  I_pos  I_len  D_pos  D_len        iCore        Identity 1-log50k(aff) Affinity(nM)    %Rank  BindLevel
-----------------------------------------------------------------------------------
    0    HLA-A0201    TMDKSELVQ    TMDKSELVQ      0      0      0      0      0    TMDKSELVQ 143B_BOVIN_P293         0.051     28676.59    43.00
    1    HLA-A0201    MDKSELVQK    MDKSELVQK      0      0      0      0      0    MDKSELVQK 143B_BOVIN_P293         0.030     36155.15    70.00
    2    HLA-A0201    DKSELVQKA    DKSELVQKA      0      0      0      0      0    DKSELVQKA 143B_BOVIN_P293         0.030     36188.42    70.00
    3    HLA-A0201    KSELVQKAK    KSELVQKAK      0      0      0      0      0    KSELVQKAK 143B_BOVIN_P293         0.032     35203.22    65.00
    4    HLA-A0201    SELVQKAKL    SELVQKAKL      0      0      0      0      0    SELVQKAKL 143B_BOVIN_P293         0.031     35670.99    65.00
    5    HLA-A0201    ELVQKAKLA    ELVQKAKLA      0      0      0      0      0    ELVQKAKLA 143B_BOVIN_P293         0.080     21113.07    29.00
    6    HLA-A0201    LVQKAKLAE    LVQKAKLAE      0      0      0      0      0    LVQKAKLAE 143B_BOVIN_P293         0.027     37257.56    75.00
    7    HLA-A0201    VQKAKLAEQ    VQKAKLAEQ      0      0      0      0      0    VQKAKLAEQ 143B_BOVIN_P293         0.040     32404.62    55.00
    8    HLA-A0201    QKAKLAEQA    QKAKLAEQA      0      0      0      0      0    QKAKLAEQA 143B_BOVIN_P293         0.031     35588.50    65.00
    9    HLA-A0201    KAKLAEQAE    KAKLAEQAE      0      0      0      0      0    KAKLAEQAE 143B_BOVIN_P293         0.020     40215.09    85.00
   10    HLA-A0201    AKLAEQAER    AKLAEQAER      0      0      0      0      0    AKLAEQAER 143B_BOVIN_P293         0.015     42412.05    95.00
   11    HLA-A0201    KLAEQAERY    KLAEQAERY      0      0      0      0      0    KLAEQAERY 143B_BOVIN_P293         0.099     17204.50    24.00
   12    HLA-A0201    LAEQAERYD    LAEQAERYD      0      0      0      0      0    LAEQAERYD 143B_BOVIN_P293         0.017     41756.84    90.00
   13    HLA-A0201    AEQAERYDD    AEQAERYDD      0      0      0      0      0    AEQAERYDD 143B_BOVIN_P293         0.010     44932.25    99.00
   14    HLA-A0201    EQAERYDDM    EQAERYDDM      0      0      0      0      0    EQAERYDDM 143B_BOVIN_P293         0.042     31828.16    55.00
   15    HLA-A0201    QAERYDDMA    QAERYDDMA      0      0      0      0      0    QAERYDDMA 143B_BOVIN_P293         0.031     35825.31    65.00
   16    HLA-A0201    AERYDDMAA    AERYDDMAA      0      0      0      0      0    AERYDDMAA 143B_BOVIN_P293         0.031     35619.70    65.00
   17    HLA-A0201    ERYDDMAAA    ERYDDMAAA      0      0      0      0      0    ERYDDMAAA 143B_BOVIN_P293         0.040     32339.84    55.00
   18    HLA-A0201    RYDDMAAAM    RYDDMAAAM      0      0      0      0      0    RYDDMAAAM 143B_BOVIN_P293         0.078     21433.23    29.00
   19    HLA-A0201    YDDMAAAMK    YDDMAAAMK      0      0      0      0      0    YDDMAAAMK 143B_BOVIN_P293         0.047     29918.71    46.00
   20    HLA-A0201    DDMAAAMKA    DDMAAAMKA      0      0      0      0      0    DDMAAAMKA 143B_BOVIN_P293         0.028     36814.36    70.00
   21    HLA-A0201    DMAAAMKAV    DMAAAMKAV      0      0      0      0      0    DMAAAMKAV 143B_BOVIN_P293         0.191      6323.25    11.00
   22    HLA-A0201    MAAAMKAVT    MAAAMKAVT      0      0      0      0      0    MAAAMKAVT 143B_BOVIN_P293         0.064     25113.04    36.00
   23    HLA-A0201    AAAMKAVTE    AAAMKAVTE      0      0      0      0      0    AAAMKAVTE 143B_BOVIN_P293         0.038     33080.90    55.00
   24    HLA-A0201    AAMKAVTEQ    AAMKAVTEQ      0      0      0      0      0    AAMKAVTEQ 143B_BOVIN_P293         0.044     31202.81    50.00
   25    HLA-A0201    AMKAVTEQG    AMKAVTEQG      0      0      0      0      0    AMKAVTEQG 143B_BOVIN_P293         0.072     23043.69    32.00
   26    HLA-A0201    MKAVTEQGH    MKAVTEQGH      0      0      0      0      0    MKAVTEQGH 143B_BOVIN_P293         0.020     40338.86    85.00
   27    HLA-A0201    KAVTEQGHE    KAVTEQGHE      0      0      0      0      0    KAVTEQGHE 143B_BOVIN_P293         0.011     44482.41    99.00
   28    HLA-A0201    AVTEQGHEL    AVTEQGHEL      0      0      0      0      0    AVTEQGHEL 143B_BOVIN_P293         0.200      5758.67    11.00
   29    HLA-A0201    VTEQGHELS    VTEQGHELS      0      0      0      0      0    VTEQGHELS 143B_BOVIN_P293         0.029     36719.68    70.00
   30    HLA-A0201    TEQGHELSN    TEQGHELSN      0      0      0      0      0    TEQGHELSN 143B_BOVIN_P293         0.014     43094.80    95.00
   31    HLA-A0201    EQGHELSNE    EQGHELSNE      0      0      0      0      0    EQGHELSNE 143B_BOVIN_P293         0.020     40280.87    85.00
   32    HLA-A0201    QGHELSNEE    QGHELSNEE      0      0      0      0      0    QGHELSNEE 143B_BOVIN_P293         0.021     39779.32    85.00
   33    HLA-A0201    GHELSNEER    GHELSNEER      0      0      0      0      0    GHELSNEER 143B_BOVIN_P293         0.018     41174.49    90.00
   34    HLA-A0201    HELSNEERN    HELSNEERN      0      0      0      0      0    HELSNEERN 143B_BOVIN_P293         0.010     44644.42    99.00
   35    HLA-A0201    ELSNEERNL    ELSNEERNL      0      0      0      0      0    ELSNEERNL 143B_BOVIN_P293         0.082     20609.75    28.00
   36    HLA-A0201    LSNEERNLL    LSNEERNLL      0      0      0      0      0    LSNEERNLL 143B_BOVIN_P293         0.074     22438.68    31.00
   37    HLA-A0201    SNEERNLLS    SNEERNLLS      0      0      0      0      0    SNEERNLLS 143B_BOVIN_P293         0.029     36442.62    70.00
   38    HLA-A0201    NEERNLLSV    NEERNLLSV      0      0      0      0      0    NEERNLLSV 143B_BOVIN_P293         0.059     26325.27    38.00
   39    HLA-A0201    EERNLLSVA    EERNLLSVA      0      0      0      0      0    EERNLLSVA 143B_BOVIN_P293         0.033     34908.13    65.00
   40    HLA-A0201    ERNLLSVAY    ERNLLSVAY      0      0      0      0      0    ERNLLSVAY 143B_BOVIN_P293         0.048     29890.55    46.00
   41    HLA-A0201    RNLLSVAYK    RNLLSVAYK      0      0      0      0      0    RNLLSVAYK 143B_BOVIN_P293         0.063     25335.76    36.00
   42    HLA-A0201    NLLSVAYKN    NLLSVAYKN      0      0      0      0      0    NLLSVAYKN 143B_BOVIN_P293         0.115     14338.29    20.00
   43    HLA-A0201    LLSVAYKNV    LLSVAYKNV      0      0      0      0      0    LLSVAYKNV 143B_BOVIN_P293         0.362       999.47     4.00
   44    HLA-A0201    LSVAYKNVV    LSVAYKNVV      0      0      0      0      0    LSVAYKNVV 143B_BOVIN_P293         0.113     14656.86    20.00
   45    HLA-A0201    SVAYKNVVG    SVAYKNVVG      0      0      0      0      0    SVAYKNVVG 143B_BOVIN_P293         0.037     33362.36    60.00
   46    HLA-A0201    VAYKNVVGA    VAYKNVVGA      0      0      0      0      0    VAYKNVVGA 143B_BOVIN_P293         0.179      7178.07    12.00
   47    HLA-A0201    AYKNVVGAR    AYKNVVGAR      0      0      0      0      0    AYKNVVGAR 143B_BOVIN_P293         0.031     35854.78    65.00
   48    HLA-A0201    YKNVVGARR    YKNVVGARR      0      0      0      0      0    YKNVVGARR 143B_BOVIN_P293         0.043     31264.30    50.00
   49    HLA-A0201    KNVVGARRS    KNVVGARRS      0      0      0      0      0    KNVVGARRS 143B_BOVIN_P293         0.018     41294.05    90.00
   50    HLA-A0201    NVVGARRSS    NVVGARRSS      0      0      0      0      0    NVVGARRSS 143B_BOVIN_P293         0.018     41288.25    90.00
   51    HLA-A0201    VVGARRSSW    VVGARRSSW      0      0      0      0      0    VVGARRSSW 143B_BOVIN_P293         0.027     37305.57    75.00
   52    HLA-A0201    VGARRSSWR    VGARRSSWR      0      0      0      0      0    VGARRSSWR 143B_BOVIN_P293         0.012     43704.79    95.00
   53    HLA-A0201    GARRSSWRV    GARRSSWRV      0      0      0      0      0    GARRSSWRV 143B_BOVIN_P293         0.101     16681.17    23.00
   54    HLA-A0201    ARRSSWRVI    ARRSSWRVI      0      0      0      0      0    ARRSSWRVI 143B_BOVIN_P293         0.033     35025.41    65.00
   55    HLA-A0201    RRSSWRVIS    RRSSWRVIS      0      0      0      0      0    RRSSWRVIS 143B_BOVIN_P293         0.024     38515.09    80.00
   56    HLA-A0201    RSSWRVISS    RSSWRVISS      0      0      0      0      0    RSSWRVISS 143B_BOVIN_P293         0.068     23875.65    34.00
   57    HLA-A0201    SSWRVISSI    SSWRVISSI      0      0      0      0      0    SSWRVISSI 143B_BOVIN_P293         0.281      2385.95     6.50
   58    HLA-A0201    SWRVISSIE    SWRVISSIE      0      0      0      0      0    SWRVISSIE 143B_BOVIN_P293         0.037     33462.86    60.00
   59    HLA-A0201    WRVISSIEQ    WRVISSIEQ      0      0      0      0      0    WRVISSIEQ 143B_BOVIN_P293         0.040     32380.10    55.00
   60    HLA-A0201    RVISSIEQK    RVISSIEQK      0      0      0      0      0    RVISSIEQK 143B_BOVIN_P293         0.054     27843.13    41.00
   61    HLA-A0201    VISSIEQKT    VISSIEQKT      0      0      0      0      0    VISSIEQKT 143B_BOVIN_P293         0.086     19798.61    27.00
   62    HLA-A0201    ISSIEQKTE    ISSIEQKTE      0      0      0      0      0    ISSIEQKTE 143B_BOVIN_P293         0.016     42001.96    90.00
   63    HLA-A0201    SSIEQKTER    SSIEQKTER      0      0      0      0      0    SSIEQKTER 143B_BOVIN_P293         0.015     42350.61    95.00
   64    HLA-A0201    SIEQKTERN    SIEQKTERN      0      0      0      0      0    SIEQKTERN 143B_BOVIN_P293         0.022     39408.74    80.00
   65    HLA-A0201    IEQKTERNE    IEQKTERNE      0      0      0      0      0    IEQKTERNE 143B_BOVIN_P293         0.013     43282.67    95.00
   66    HLA-A0201    EQKTERNEK    EQKTERNEK      0      0      0      0      0    EQKTERNEK 143B_BOVIN_P293         0.011     44540.69    99.00
   67    HLA-A0201    QKTERNEKK    QKTERNEKK      0      0      0      0      0    QKTERNEKK 143B_BOVIN_P293         0.010     45090.54    99.00
   68    HLA-A0201    KTERNEKKQ    KTERNEKKQ      0      0      0      0      0    KTERNEKKQ 143B_BOVIN_P293         0.009     45263.08    99.00
   69    HLA-A0201    TERNEKKQQ    TERNEKKQQ      0      0      0      0      0    TERNEKKQQ 143B_BOVIN_P293         0.008     45768.36    99.00
   70    HLA-A0201    ERNEKKQQM    ERNEKKQQM      0      0      0      0      0    ERNEKKQQM 143B_BOVIN_P293         0.014     43089.69    95.00
   71    HLA-A0201    RNEKKQQMG    RNEKKQQMG      0      0      0      0      0    RNEKKQQMG 143B_BOVIN_P293         0.010     44663.25    99.00
   72    HLA-A0201    NEKKQQMGK    NEKKQQMGK      0      0      0      0      0    NEKKQQMGK 143B_BOVIN_P293         0.013     43629.17    95.00
   73    HLA-A0201    EKKQQMGKE    EKKQQMGKE      0      0      0      0      0    EKKQQMGKE 143B_BOVIN_P293         0.012     44081.38    99.00
   74    HLA-A0201    KKQQMGKEY    KKQQMGKEY      0      0      0      0      0    KKQQMGKEY 143B_BOVIN_P293         0.025     38141.85    75.00
   75    HLA-A0201    KQQMGKEYR    KQQMGKEYR      0      0      0      0      0    KQQMGKEYR 143B_BOVIN_P293         0.035     34178.22    60.00
   76    HLA-A0201    QQMGKEYRE    QQMGKEYRE      0      0      0      0      0    QQMGKEYRE 143B_BOVIN_P293         0.027     37362.11    75.00
   77    HLA-A0201    QMGKEYREK    QMGKEYREK      0      0      0      0      0    QMGKEYREK 143B_BOVIN_P293         0.025     37975.07    75.00
   78    HLA-A0201    MGKEYREKI    MGKEYREKI      0      0      0      0      0    MGKEYREKI 143B_BOVIN_P293         0.034     34706.28    65.00
   79    HLA-A0201    GKEYREKIE    GKEYREKIE      0      0      0      0      0    GKEYREKIE 143B_BOVIN_P293         0.009     45364.57    99.00
   80    HLA-A0201    KEYREKIEA    KEYREKIEA      0      0      0      0      0    KEYREKIEA 143B_BOVIN_P293         0.037     33384.75    60.00
   81    HLA-A0201    EYREKIEAE    EYREKIEAE      0      0      0      0      0    EYREKIEAE 143B_BOVIN_P293         0.025     38222.00    75.00
   82    HLA-A0201    YREKIEAEL    YREKIEAEL      0      0      0      0      0    YREKIEAEL 143B_BOVIN_P293         0.067     24202.06    34.00
   83    HLA-A0201    REKIEAELQ    REKIEAELQ      0      0      0      0      0    REKIEAELQ 143B_BOVIN_P293         0.029     36658.16    70.00
   84    HLA-A0201    EKIEAELQD    EKIEAELQD      0      0      0      0      0    EKIEAELQD 143B_BOVIN_P293         0.013     43288.76    95.00
   85    HLA-A0201    KIEAELQDI    KIEAELQDI      0      0      0      0      0    KIEAELQDI 143B_BOVIN_P293         0.159      8994.78    14.00
   86    HLA-A0201    IEAELQDIC    IEAELQDIC      0      0      0      0      0    IEAELQDIC 143B_BOVIN_P293         0.029     36603.87    70.00
   87    HLA-A0201    EAELQDICN    EAELQDICN      0      0      0      0      0    EAELQDICN 143B_BOVIN_P293         0.021     39794.39    85.00
   88    HLA-A0201    AELQDICND    AELQDICND      0      0      0      0      0    AELQDICND 143B_BOVIN_P293         0.023     39056.00    80.00
   89    HLA-A0201    ELQDICNDV    ELQDICNDV      0      0      0      0      0    ELQDICNDV 143B_BOVIN_P293         0.296      2042.12     6.00
   90    HLA-A0201    LQDICNDVL    LQDICNDVL      0      0      0      0      0    LQDICNDVL 143B_BOVIN_P293         0.210      5142.97    10.00
   91    HLA-A0201    QDICNDVLQ    QDICNDVLQ      0      0      0      0      0    QDICNDVLQ 143B_BOVIN_P293         0.025     38000.97    75.00
   92    HLA-A0201    DICNDVLQL    DICNDVLQL      0      0      0      0      0    DICNDVLQL 143B_BOVIN_P293         0.107     15651.95    22.00
   93    HLA-A0201    ICNDVLQLL    ICNDVLQLL      0      0      0      0      0    ICNDVLQLL 143B_BOVIN_P293         0.218      4748.63     9.50
   94    HLA-A0201    CNDVLQLLD    CNDVLQLLD      0      0      0      0      0    CNDVLQLLD 143B_BOVIN_P293         0.037     33579.27    60.00
   95    HLA-A0201    NDVLQLLDK    NDVLQLLDK      0      0      0      0      0    NDVLQLLDK 143B_BOVIN_P293         0.043     31343.22    50.00
   96    HLA-A0201    DVLQLLDKY    DVLQLLDKY      0      0      0      0      0    DVLQLLDKY 143B_BOVIN_P293         0.050     29211.15    45.00
   97    HLA-A0201    VLQLLDKYL    VLQLLDKYL      0      0      0      0      0    VLQLLDKYL 143B_BOVIN_P293         0.350      1129.52     4.50
   98    HLA-A0201    LQLLDKYLI    LQLLDKYLI      0      0      0      0      0    LQLLDKYLI 143B_BOVIN_P293         0.333      1365.61     5.00
   99    HLA-A0201    QLLDKYLIP    QLLDKYLIP      0      0      0      0      0    QLLDKYLIP 143B_BOVIN_P293         0.133     11810.12    17.00
  100    HLA-A0201    LLDKYLIPN    LLDKYLIPN      0      0      0      0      0    LLDKYLIPN 143B_BOVIN_P293         0.227      4309.60     9.00
  101    HLA-A0201    LDKYLIPNA    LDKYLIPNA      0      0      0      0      0    LDKYLIPNA 143B_BOVIN_P293         0.043     31555.55    55.00
  102    HLA-A0201    DKYLIPNAT    DKYLIPNAT      0      0      0      0      0    DKYLIPNAT 143B_BOVIN_P293         0.040     32553.63    55.00
  103    HLA-A0201    KYLIPNATQ    KYLIPNATQ      0      0      0      0      0    KYLIPNATQ 143B_BOVIN_P293         0.032     35362.80    65.00
  104    HLA-A0201    YLIPNATQP    YLIPNATQP      0      0      0      0      0    YLIPNATQP 143B_BOVIN_P293         0.185      6723.46    12.00
  105    HLA-A0201    LIPNATQPE    LIPNATQPE      0      0      0      0      0    LIPNATQPE 143B_BOVIN_P293         0.036     33914.11    60.00
  106    HLA-A0201    IPNATQPES    IPNATQPES      0      0      0      0      0    IPNATQPES 143B_BOVIN_P293         0.018     41270.38    90.00
  107    HLA-A0201    PNATQPESK    PNATQPESK      0      0      0      0      0    PNATQPESK 143B_BOVIN_P293         0.010     45031.05    99.00
  108    HLA-A0201    NATQPESKV    NATQPESKV      0      0      0      0      0    NATQPESKV 143B_BOVIN_P293         0.038     32969.77    55.00
  109    HLA-A0201    ATQPESKVF    ATQPESKVF      0      0      0      0      0    ATQPESKVF 143B_BOVIN_P293         0.034     34509.70    60.00
  110    HLA-A0201    TQPESKVFY    TQPESKVFY      0      0      0      0      0    TQPESKVFY 143B_BOVIN_P293         0.046     30324.46    48.00
  111    HLA-A0201    QPESKVFYL    QPESKVFYL      0      0      0      0      0    QPESKVFYL 143B_BOVIN_P293         0.079     21319.67    29.00
  112    HLA-A0201    PESKVFYLK    PESKVFYLK      0      0      0      0      0    PESKVFYLK 143B_BOVIN_P293         0.036     34009.27    60.00
  113    HLA-A0201    ESKVFYLKM    ESKVFYLKM      0      0      0      0      0    ESKVFYLKM 143B_BOVIN_P293         0.057     26881.65    39.00
  114    HLA-A0201    SKVFYLKMK    SKVFYLKMK      0      0      0      0      0    SKVFYLKMK 143B_BOVIN_P293         0.049     29493.16    45.00
  115    HLA-A0201    KVFYLKMKG    KVFYLKMKG      0      0      0      0      0    KVFYLKMKG 143B_BOVIN_P293         0.070     23391.36    33.00
  116    HLA-A0201    VFYLKMKGD    VFYLKMKGD      0      0      0      0      0    VFYLKMKGD 143B_BOVIN_P293         0.033     35019.36    65.00
  117    HLA-A0201    FYLKMKGDY    FYLKMKGDY      0      0      0      0      0    FYLKMKGDY 143B_BOVIN_P293         0.025     38086.59    75.00
  118    HLA-A0201    YLKMKGDYF    YLKMKGDYF      0      0      0      0      0    YLKMKGDYF 143B_BOVIN_P293         0.140     11025.47    16.00
  119    HLA-A0201    LKMKGDYFR    LKMKGDYFR      0      0      0      0      0    LKMKGDYFR 143B_BOVIN_P293         0.029     36715.72    70.00
  120    HLA-A0201    KMKGDYFRY    KMKGDYFRY      0      0      0      0      0    KMKGDYFRY 143B_BOVIN_P293         0.080     21153.09    29.00
  121    HLA-A0201    MKGDYFRYL    MKGDYFRYL      0      0      0      0      0    MKGDYFRYL 143B_BOVIN_P293         0.133     11823.29    17.00
  122    HLA-A0201    KGDYFRYLS    KGDYFRYLS      0      0      0      0      0    KGDYFRYLS 143B_BOVIN_P293         0.044     31031.43    49.00
  123    HLA-A0201    GDYFRYLSE    GDYFRYLSE      0      0      0      0      0    GDYFRYLSE 143B_BOVIN_P293         0.039     32620.27    55.00
  124    HLA-A0201    DYFRYLSEV    DYFRYLSEV      0      0      0      0      0    DYFRYLSEV 143B_BOVIN_P293         0.077     21683.52    30.00
  125    HLA-A0201    YFRYLSEVA    YFRYLSEVA      0      0      0      0      0    YFRYLSEVA 143B_BOVIN_P293         0.088     19210.50    26.00
  126    HLA-A0201    FRYLSEVAS    FRYLSEVAS      0      0      0      0      0    FRYLSEVAS 143B_BOVIN_P293         0.070     23483.66    33.00
  127    HLA-A0201    RYLSEVASG    RYLSEVASG      0      0      0      0      0    RYLSEVASG 143B_BOVIN_P293         0.035     34413.48    60.00
  128    HLA-A0201    YLSEVASGD    YLSEVASGD      0      0      0      0      0    YLSEVASGD 143B_BOVIN_P293         0.145     10393.67    16.00
  129    HLA-A0201    LSEVASGDN    LSEVASGDN      0      0      0      0      0    LSEVASGDN 143B_BOVIN_P293         0.016     41886.24    90.00
  130    HLA-A0201    SEVASGDNK    SEVASGDNK      0      0      0      0      0    SEVASGDNK 143B_BOVIN_P293         0.015     42333.65    95.00
  131    HLA-A0201    EVASGDNKQ    EVASGDNKQ      0      0      0      0      0    EVASGDNKQ 143B_BOVIN_P293         0.012     44069.92    99.00
  132    HLA-A0201    VASGDNKQT    VASGDNKQT      0      0      0      0      0    VASGDNKQT 143B_BOVIN_P293         0.025     38323.03    75.00
  133    HLA-A0201    ASGDNKQTT    ASGDNKQTT      0      0      0      0      0    ASGDNKQTT 143B_BOVIN_P293         0.025     38331.75    75.00
  134    HLA-A0201    SGDNKQTTV    SGDNKQTTV      0      0      0      0      0    SGDNKQTTV 143B_BOVIN_P293         0.076     21914.18    30.00
  135    HLA-A0201    GDNKQTTVS    GDNKQTTVS      0      0      0      0      0    GDNKQTTVS 143B_BOVIN_P293         0.012     44094.74    99.00
  136    HLA-A0201    DNKQTTVSN    DNKQTTVSN      0      0      0      0      0    DNKQTTVSN 143B_BOVIN_P293         0.015     42728.02    95.00
  137    HLA-A0201    NKQTTVSNS    NKQTTVSNS      0      0      0      0      0    NKQTTVSNS 143B_BOVIN_P293         0.019     40544.96    85.00
  138    HLA-A0201    KQTTVSNSQ    KQTTVSNSQ      0      0      0      0      0    KQTTVSNSQ 143B_BOVIN_P293         0.039     32888.90    55.00
  139    HLA-A0201    QTTVSNSQQ    QTTVSNSQQ      0      0      0      0      0    QTTVSNSQQ 143B_BOVIN_P293         0.013     43319.67    95.00
  140    HLA-A0201    TTVSNSQQA    TTVSNSQQA      0      0      0      0      0    TTVSNSQQA 143B_BOVIN_P293         0.058     26721.58    39.00
  141    HLA-A0201    TVSNSQQAY    TVSNSQQAY      0      0      0      0      0    TVSNSQQAY 143B_BOVIN_P293         0.026     37724.05    75.00
  142    HLA-A0201    VSNSQQAYQ    VSNSQQAYQ      0      0      0      0      0    VSNSQQAYQ 143B_BOVIN_P293         0.023     39140.19    80.00
  143    HLA-A0201    SNSQQAYQE    SNSQQAYQE      0      0      0      0      0    SNSQQAYQE 143B_BOVIN_P293         0.016     42061.54    90.00
  144    HLA-A0201    NSQQAYQEA    NSQQAYQEA      0      0      0      0      0    NSQQAYQEA 143B_BOVIN_P293         0.041     31995.27    55.00
  145    HLA-A0201    SQQAYQEAF    SQQAYQEAF      0      0      0      0      0    SQQAYQEAF 143B_BOVIN_P293         0.086     19773.56    27.00
  146    HLA-A0201    QQAYQEAFE    QQAYQEAFE      0      0      0      0      0    QQAYQEAFE 143B_BOVIN_P293         0.024     38752.51    80.00
  147    HLA-A0201    QAYQEAFEI    QAYQEAFEI      0      0      0      0      0    QAYQEAFEI 143B_BOVIN_P293         0.228      4229.59     9.00
  148    HLA-A0201    AYQEAFEIS    AYQEAFEIS      0      0      0      0      0    AYQEAFEIS 143B_BOVIN_P293         0.041     31957.22    55.00
  149    HLA-A0201    YQEAFEISK    YQEAFEISK      0      0      0      0      0    YQEAFEISK 143B_BOVIN_P293         0.082     20689.51    28.00
  150    HLA-A0201    QEAFEISKK    QEAFEISKK      0      0      0      0      0    QEAFEISKK 143B_BOVIN_P293         0.019     40504.19    85.00
  151    HLA-A0201    EAFEISKKE    EAFEISKKE      0      0      0      0      0    EAFEISKKE 143B_BOVIN_P293         0.021     39628.97    85.00
  152    HLA-A0201    AFEISKKEM    AFEISKKEM      0      0      0      0      0    AFEISKKEM 143B_BOVIN_P293         0.027     37371.00    75.00
  153    HLA-A0201    FEISKKEMQ    FEISKKEMQ      0      0      0      0      0    FEISKKEMQ 143B_BOVIN_P293         0.020     40102.12    85.00
  154    HLA-A0201    EISKKEMQP    EISKKEMQP      0      0      0      0      0    EISKKEMQP 143B_BOVIN_P293         0.019     40822.71    85.00
  155    HLA-A0201    ISKKEMQPT    ISKKEMQPT      0      0      0      0      0    ISKKEMQPT 143B_BOVIN_P293         0.035     34412.00    60.00
  156    HLA-A0201    SKKEMQPTH    SKKEMQPTH      0      0      0      0      0    SKKEMQPTH 143B_BOVIN_P293         0.015     42622.75    95.00
  157    HLA-A0201    KKEMQPTHP    KKEMQPTHP      0      0      0      0      0    KKEMQPTHP 143B_BOVIN_P293         0.018     41334.29    90.00
  158    HLA-A0201    KEMQPTHPI    KEMQPTHPI      0      0      0      0      0    KEMQPTHPI 143B_BOVIN_P293         0.122     13315.18    19.00
  159    HLA-A0201    EMQPTHPIR    EMQPTHPIR      0      0      0      0      0    EMQPTHPIR 143B_BOVIN_P293         0.029     36623.66    70.00
  160    HLA-A0201    MQPTHPIRL    MQPTHPIRL      0      0      0      0      0    MQPTHPIRL 143B_BOVIN_P293         0.317      1625.44     5.50
  161    HLA-A0201    QPTHPIRLG    QPTHPIRLG      0      0      0      0      0    QPTHPIRLG 143B_BOVIN_P293         0.019     40771.06    85.00
  162    HLA-A0201    PTHPIRLGL    PTHPIRLGL      0      0      0      0      0    PTHPIRLGL 143B_BOVIN_P293         0.059     26525.12    39.00
  163    HLA-A0201    THPIRLGLA    THPIRLGLA      0      0      0      0      0    THPIRLGLA 143B_BOVIN_P293         0.047     30029.95    47.00
  164    HLA-A0201    HPIRLGLAL    HPIRLGLAL      0      0      0      0      0    HPIRLGLAL 143B_BOVIN_P293         0.077     21762.73    30.00
  165    HLA-A0201    PIRLGLALN    PIRLGLALN      0      0      0      0      0    PIRLGLALN 143B_BOVIN_P293         0.045     30613.90    48.00
  166    HLA-A0201    IRLGLALNF    IRLGLALNF      0      0      0      0      0    IRLGLALNF 143B_BOVIN_P293         0.081     20918.88    29.00
  167    HLA-A0201    RLGLALNFS    RLGLALNFS      0      0      0      0      0    RLGLALNFS 143B_BOVIN_P293         0.204      5481.74    10.00
  168    HLA-A0201    LGLALNFSV    LGLALNFSV      0      0      0      0      0    LGLALNFSV 143B_BOVIN_P293         0.371       903.07     4.00
  169    HLA-A0201    GLALNFSVF    GLALNFSVF      0      0      0      0      0    GLALNFSVF 143B_BOVIN_P293         0.169      8056.49    13.00
  170    HLA-A0201    LALNFSVFY    LALNFSVFY      0      0      0      0      0    LALNFSVFY 143B_BOVIN_P293         0.124     13059.78    19.00
  171    HLA-A0201    ALNFSVFYY    ALNFSVFYY      0      0      0      0      0    ALNFSVFYY 143B_BOVIN_P293         0.241      3701.43     8.00
  172    HLA-A0201    LNFSVFYYE    LNFSVFYYE      0      0      0      0      0    LNFSVFYYE 143B_BOVIN_P293         0.091     18616.08    25.00
  173    HLA-A0201    NFSVFYYEI    NFSVFYYEI      0      0      0      0      0    NFSVFYYEI 143B_BOVIN_P293         0.162      8626.39    14.00
  174    HLA-A0201    FSVFYYEIL    FSVFYYEIL      0      0      0      0      0    FSVFYYEIL 143B_BOVIN_P293         0.241      3667.90     8.00
  175    HLA-A0201    SVFYYEILN    SVFYYEILN      0      0      0      0      0    SVFYYEILN 143B_BOVIN_P293         0.105     16120.30    22.00
  176    HLA-A0201    VFYYEILNS    VFYYEILNS      0      0      0      0      0    VFYYEILNS 143B_BOVIN_P293         0.090     18917.20    26.00
  177    HLA-A0201    FYYEILNSP    FYYEILNSP      0      0      0      0      0    FYYEILNSP 143B_BOVIN_P293         0.121     13461.49    19.00
  178    HLA-A0201    YYEILNSPE    YYEILNSPE      0      0      0      0      0    YYEILNSPE 143B_BOVIN_P293         0.035     34087.00    60.00
  179    HLA-A0201    YEILNSPEK    YEILNSPEK      0      0      0      0      0    YEILNSPEK 143B_BOVIN_P293         0.029     36438.70    70.00
  180    HLA-A0201    EILNSPEKA    EILNSPEKA      0      0      0      0      0    EILNSPEKA 143B_BOVIN_P293         0.061     25859.46    37.00
  181    HLA-A0201    ILNSPEKAC    ILNSPEKAC      0      0      0      0      0    ILNSPEKAC 143B_BOVIN_P293         0.071     23154.16    32.00
  182    HLA-A0201    LNSPEKACS    LNSPEKACS      0      0      0      0      0    LNSPEKACS 143B_BOVIN_P293         0.013     43451.57    95.00
  183    HLA-A0201    NSPEKACSL    NSPEKACSL      0      0      0      0      0    NSPEKACSL 143B_BOVIN_P293         0.076     22087.24    31.00
  184    HLA-A0201    SPEKACSLA    SPEKACSLA      0      0      0      0      0    SPEKACSLA 143B_BOVIN_P293         0.038     33214.32    60.00
  185    HLA-A0201    PEKACSLAK    PEKACSLAK      0      0      0      0      0    PEKACSLAK 143B_BOVIN_P293         0.022     39301.87    80.00
  186    HLA-A0201    EKACSLAKT    EKACSLAKT      0      0      0      0      0    EKACSLAKT 143B_BOVIN_P293         0.023     38989.30    80.00
  187    HLA-A0201    KACSLAKTA    KACSLAKTA      0      0      0      0      0    KACSLAKTA 143B_BOVIN_P293         0.076     22048.80    30.00
  188    HLA-A0201    ACSLAKTAF    ACSLAKTAF      0      0      0      0      0    ACSLAKTAF 143B_BOVIN_P293         0.045     30787.30    49.00
  189    HLA-A0201    CSLAKTAFD    CSLAKTAFD      0      0      0      0      0    CSLAKTAFD 143B_BOVIN_P293         0.035     34379.26    60.00
  190    HLA-A0201    SLAKTAFDE    SLAKTAFDE      0      0      0      0      0    SLAKTAFDE 143B_BOVIN_P293         0.084     20256.25    28.00
  191    HLA-A0201    LAKTAFDEA    LAKTAFDEA      0      0      0      0      0    LAKTAFDEA 143B_BOVIN_P293         0.054     27841.33    41.00
  192    HLA-A0201    AKTAFDEAI    AKTAFDEAI      0      0      0      0      0    AKTAFDEAI 143B_BOVIN_P293         0.061     25773.15    37.00
  193    HLA-A0201    KTAFDEAIA    KTAFDEAIA      0      0      0      0      0    KTAFDEAIA 143B_BOVIN_P293         0.107     15791.95    22.00
  194    HLA-A0201    TAFDEAIAE    TAFDEAIAE      0      0      0      0      0    TAFDEAIAE 143B_BOVIN_P293         0.044     31153.54    50.00
  195    HLA-A0201    AFDEAIAEL    AFDEAIAEL      0      0      0      0      0    AFDEAIAEL 143B_BOVIN_P293         0.258      3079.12     7.50
  196    HLA-A0201    FDEAIAELD    FDEAIAELD      0      0      0      0      0    FDEAIAELD 143B_BOVIN_P293         0.041     32004.28    55.00
  197    HLA-A0201    DEAIAELDT    DEAIAELDT      0      0      0      0      0    DEAIAELDT 143B_BOVIN_P293         0.021     39696.75    85.00
  198    HLA-A0201    EAIAELDTL    EAIAELDTL      0      0      0      0      0    EAIAELDTL 143B_BOVIN_P293         0.088     19207.80    26.00
  199    HLA-A0201    AIAELDTLN    AIAELDTLN      0      0      0      0      0    AIAELDTLN 143B_BOVIN_P293         0.059     26490.98    39.00
  200    HLA-A0201    IAELDTLNE    IAELDTLNE      0      0      0      0      0    IAELDTLNE 143B_BOVIN_P293         0.037     33684.08    60.00
  201    HLA-A0201    AELDTLNEE    AELDTLNEE      0      0      0      0      0    AELDTLNEE 143B_BOVIN_P293         0.027     37168.16    70.00
  202    HLA-A0201    ELDTLNEES    ELDTLNEES      0      0      0      0      0    ELDTLNEES 143B_BOVIN_P293         0.076     21971.40    30.00
  203    HLA-A0201    LDTLNEESY    LDTLNEESY      0      0      0      0      0    LDTLNEESY 143B_BOVIN_P293         0.028     36975.25    70.00
  204    HLA-A0201    DTLNEESYK    DTLNEESYK      0      0      0      0      0    DTLNEESYK 143B_BOVIN_P293         0.014     43064.52    95.00
  205    HLA-A0201    TLNEESYKD    TLNEESYKD      0      0      0      0      0    TLNEESYKD 143B_BOVIN_P293         0.049     29536.60    46.00
  206    HLA-A0201    LNEESYKDS    LNEESYKDS      0      0      0      0      0    LNEESYKDS 143B_BOVIN_P293         0.014     43010.95    95.00
  207    HLA-A0201    NEESYKDST    NEESYKDST      0      0      0      0      0    NEESYKDST 143B_BOVIN_P293         0.011     44151.08    99.00
  208    HLA-A0201    EESYKDSTL    EESYKDSTL      0      0      0      0      0    EESYKDSTL 143B_BOVIN_P293         0.019     40924.88    90.00
  209    HLA-A0201    ESYKDSTLI    ESYKDSTLI      0      0      0      0      0    ESYKDSTLI 143B_BOVIN_P293         0.054     27839.21    41.00
  210    HLA-A0201    SYKDSTLIM    SYKDSTLIM      0      0      0      0      0    SYKDSTLIM 143B_BOVIN_P293         0.044     31101.69    50.00
  211    HLA-A0201    YKDSTLIMQ    YKDSTLIMQ      0      0      0      0      0    YKDSTLIMQ 143B_BOVIN_P293         0.063     25241.08    36.00
  212    HLA-A0201    KDSTLIMQL    KDSTLIMQL      0      0      0      0      0    KDSTLIMQL 143B_BOVIN_P293         0.098     17399.19    24.00
  213    HLA-A0201    DSTLIMQLL    DSTLIMQLL      0      0      0      0      0    DSTLIMQLL 143B_BOVIN_P293         0.096     17741.37    24.00
  214    HLA-A0201    STLIMQLLR    STLIMQLLR      0      0      0      0      0    STLIMQLLR 143B_BOVIN_P293         0.096     17660.37    24.00
  215    HLA-A0201    TLIMQLLRD    TLIMQLLRD      0      0      0      0      0    TLIMQLLRD 143B_BOVIN_P293         0.114     14495.37    20.00
  216    HLA-A0201    LIMQLLRDN    LIMQLLRDN      0      0      0      0      0    LIMQLLRDN 143B_BOVIN_P293         0.060     26217.53    38.00
  217    HLA-A0201    IMQLLRDNL    IMQLLRDNL      0      0      0      0      0    IMQLLRDNL 143B_BOVIN_P293         0.247      3450.92     8.00
  218    HLA-A0201    MQLLRDNLT    MQLLRDNLT      0      0      0      0      0    MQLLRDNLT 143B_BOVIN_P293         0.147     10194.64    16.00
  219    HLA-A0201    QLLRDNLTL    QLLRDNLTL      0      0      0      0      0    QLLRDNLTL 143B_BOVIN_P293         0.527       167.10     1.50 <= WB
  220    HLA-A0201    LLRDNLTLW    LLRDNLTLW      0      0      0      0      0    LLRDNLTLW 143B_BOVIN_P293         0.128     12499.45    18.00
  221    HLA-A0201    LRDNLTLWT    LRDNLTLWT      0      0      0      0      0    LRDNLTLWT 143B_BOVIN_P293         0.053     28090.06    42.00
  222    HLA-A0201    RDNLTLWTS    RDNLTLWTS      0      0      0      0      0    RDNLTLWTS 143B_BOVIN_P293         0.065     24813.78    35.00
  223    HLA-A0201    DNLTLWTSE    DNLTLWTSE      0      0      0      0      0    DNLTLWTSE 143B_BOVIN_P293         0.021     39729.41    85.00
  224    HLA-A0201    NLTLWTSEN    NLTLWTSEN      0      0      0      0      0    NLTLWTSEN 143B_BOVIN_P293         0.063     25319.31    36.00
  225    HLA-A0201    LTLWTSENQ    LTLWTSENQ      0      0      0      0      0    LTLWTSENQ 143B_BOVIN_P293         0.048     29717.71    46.00
  226    HLA-A0201    TLWTSENQG    TLWTSENQG      0      0      0      0      0    TLWTSENQG 143B_BOVIN_P293         0.107     15663.14    22.00
  227    HLA-A0201    LWTSENQGD    LWTSENQGD      0      0      0      0      0    LWTSENQGD 143B_BOVIN_P293         0.010     44932.25    99.00
  228    HLA-A0201    WTSENQGDE    WTSENQGDE      0      0      0      0      0    WTSENQGDE 143B_BOVIN_P293         0.012     43834.07    99.00
  229    HLA-A0201    TSENQGDEG    TSENQGDEG      0      0      0      0      0    TSENQGDEG 143B_BOVIN_P293         0.012     44101.43    99.00
  230    HLA-A0201    SENQGDEGD    SENQGDEGD      0      0      0      0      0    SENQGDEGD 143B_BOVIN_P293         0.012     43772.45    99.00
  231    HLA-A0201    ENQGDEGDA    ENQGDEGDA      0      0      0      0      0    ENQGDEGDA 143B_BOVIN_P293         0.011     44535.86    99.00
  232    HLA-A0201    NQGDEGDAG    NQGDEGDAG      0      0      0      0      0    NQGDEGDAG 143B_BOVIN_P293         0.021     39968.71    85.00
  233    HLA-A0201    QGDEGDAGE    QGDEGDAGE      0      0      0      0      0    QGDEGDAGE 143B_BOVIN_P293         0.018     40950.57    90.00
  234    HLA-A0201    GDEGDAGEG    GDEGDAGEG      0      0      0      0      0    GDEGDAGEG 143B_BOVIN_P293         0.012     44017.04    99.00
  235    HLA-A0201    DEGDAGEGE    DEGDAGEGE      0      0      0      0      0    DEGDAGEGE 143B_BOVIN_P293         0.013     43235.86    95.00
  236    HLA-A0201    EGDAGEGEN    EGDAGEGEN      0      0      0      0      0    EGDAGEGEN 143B_BOVIN_P293         0.008     45766.39    99.00
-----------------------------------------------------------------------------------

Protein 143B_BOVIN_P293. Allele HLA-A0201. Number of high binders 0. Number of weak binders 1. Number of peptides 237

-----------------------------------------------------------------------------------
